.next/types/validator.ts(377,39): error TS2307: Cannot find module '../../src/app/api/trigger-incident/route.js' or its corresponding type declarations.
src/app/admin/(dashboard)/editor/page.tsx(26,23): error TS2322: Type '{ id: string; updated_at: Date; title: string; content: string | null; status: string; tags: string[]; seo_title: string | null; seo_description: string | null; view_count: number; created_at: Date; } | null' is not assignable to type 'Post | null | undefined'.
  Type '{ id: string; updated_at: Date; title: string; content: string | null; status: string; tags: string[]; seo_title: string | null; seo_description: string | null; view_count: number; created_at: Date; }' is not assignable to type 'Post'.
    Types of property 'content' are incompatible.
      Type 'string | null' is not assignable to type 'string'.
        Type 'null' is not assignable to type 'string'.
src/app/admin/(dashboard)/page.tsx(18,30): error TS2322: Type '{ id: string; updated_at: Date; title: string; content: string | null; status: string; tags: string[]; seo_title: string | null; seo_description: string | null; view_count: number; created_at: Date; }[]' is not assignable to type 'Post[]'.
  Type '{ id: string; updated_at: Date; title: string; content: string | null; status: string; tags: string[]; seo_title: string | null; seo_description: string | null; view_count: number; created_at: Date; }' is not assignable to type 'Post'.
    Types of property 'status' are incompatible.
      Type 'string' is not assignable to type '"Draft" | "Published"'.
